<?xml version="1.0" encoding="UTF-8"?><mappingRoot xmlns="http://www.ibm.com/2008/ccl/Mapping" domainID="com.ibm.msl.mapping.xml" domainIDExtension="mb" mainMap="true" targetNamespace="br.org.fiep.esb.utils.v1" version="8.0.5.0" xmlns:map="br.org.fiep.esb.utils.v1">
    <inlinedXMLSchema><![CDATA[<?xml version="1.0" encoding="UTF-8"?><xsd:schema xmlns:xsd="http://www.w3.org/2001/XMLSchema">    
    <xsd:element name="Fault">    
    <xsd:complexType>    
      <xsd:sequence>    
        <xsd:element name="faultcode" type="xsd:string"/>    
        <xsd:element name="faultstring" type="xsd:string"/>    
        <xsd:element name="detail">    
          <xsd:complexType>    
            <xsd:sequence>    
              <xsd:element name="code" type="xsd:string"/>    
              <xsd:element name="message" type="xsd:string"/>    
              <xsd:element name="application" type="xsd:string"/>    
              <xsd:element name="exception" type="xsd:string"/>    
              <xsd:element name="localTransactionId" type="xsd:string"/>    
              <xsd:element name="datetime" type="xsd:string"/>    
            </xsd:sequence>    
          </xsd:complexType>    
        </xsd:element>    
      </xsd:sequence>    
    </xsd:complexType>    
  </xsd:element>    
</xsd:schema>]]></inlinedXMLSchema>
    <input inlinedXMLSchema="true" path="../schema_0.xsd" var="var2"/>
    <input path="jar:file://!com/ibm/etools/mft/map/xsds/predefined/JsonDomainMsg.xsd" var="var1"/>
    <input derivedFrom="MB:JSON_schema_in_json_file" path="/ApiErrorV1.json" var="var"/>
    <output path="jar:file://!com/ibm/etools/mft/map/xsds/predefined/SOAPDomainMsg.xsd"/>
    <namespaces>
        <namespace kind="supplement" prefix="in" uri="http://www.ibm.com/iib/msl/json"/>
    </namespaces>
    <generation engine="xquery"/>
    <mappingDeclaration name="Reply_Mapping">
        <input namespace="http://www.ibm.com/iib/msl/json" path="$var1/mb:msg(JSON,assembly,JSON,Properties)" var="MessageAssembly">
            <cast derivedFrom="MB:JSON_TYPE" path="$MessageAssembly/JSON/Data/type('anyType')" qualifier="{http://www.ibm.com/iib/msl/json}ApiError" ref="var"/>
        </input>
        <output path="mb:msg(SOAP_Domain_Msg,assembly,SOAP,Properties)" var="ComIbmMessageAssembly_SOAP_Domain_Msg">
            <cast castType="userDefined" path="$ComIbmMessageAssembly_SOAP_Domain_Msg/SOAP_Domain_Msg/Body/any" qualifier="Fault" ref="var2"/>
        </output>
        <move>
            <input path="$MessageAssembly/Properties"/>
            <output path="$ComIbmMessageAssembly_SOAP_Domain_Msg/Properties"/>
        </move>
        <move>
            <input path="$MessageAssembly/JSON/spath('Data',2)/httpCode"/>
            <output path="$ComIbmMessageAssembly_SOAP_Domain_Msg/SOAP_Domain_Msg/Body/Fault/faultcode"/>
        </move>
        <move>
            <input path="$MessageAssembly/JSON/spath('Data',2)/httpMessage"/>
            <output path="$ComIbmMessageAssembly_SOAP_Domain_Msg/SOAP_Domain_Msg/Body/Fault/faultstring"/>
        </move>
        <move>
            <input path="$MessageAssembly/JSON/spath('Data',2)/error/code"/>
            <output path="$ComIbmMessageAssembly_SOAP_Domain_Msg/SOAP_Domain_Msg/Body/Fault/detail/code"/>
        </move>
        <move>
            <input path="$MessageAssembly/JSON/spath('Data',2)/error/message"/>
            <output path="$ComIbmMessageAssembly_SOAP_Domain_Msg/SOAP_Domain_Msg/Body/Fault/detail/message"/>
        </move>
        <move>
            <input path="$MessageAssembly/JSON/spath('Data',2)/error/application"/>
            <output path="$ComIbmMessageAssembly_SOAP_Domain_Msg/SOAP_Domain_Msg/Body/Fault/detail/application"/>
        </move>
        <move>
            <input path="$MessageAssembly/JSON/spath('Data',2)/error/exception"/>
            <output path="$ComIbmMessageAssembly_SOAP_Domain_Msg/SOAP_Domain_Msg/Body/Fault/detail/exception"/>
        </move>
        <move>
            <input path="$MessageAssembly/JSON/spath('Data',2)/error/transaction"/>
            <output path="$ComIbmMessageAssembly_SOAP_Domain_Msg/SOAP_Domain_Msg/Body/Fault/detail/localTransactionId"/>
        </move>
        <move>
            <input path="$MessageAssembly/JSON/spath('Data',2)/error/datetime"/>
            <output path="$ComIbmMessageAssembly_SOAP_Domain_Msg/SOAP_Domain_Msg/Body/Fault/detail/datetime"/>
        </move>
    </mappingDeclaration>
</mappingRoot>